components/DashboardView.tsx(133,27): error TS2345: Argument of type '"admin_topic_suggestion"' is not assignable to parameter of type '"post_created" | "comment_created" | "ai_query" | "view_changed" | "fraud_report" | "doc_generated" | "vote_cast" | "job_click" | "course_view" | "admin_delete" | "admin_include"'.
components/DashboardView.tsx(144,27): error TS2345: Argument of type '"admin_job_sync"' is not assignable to parameter of type '"post_created" | "comment_created" | "ai_query" | "view_changed" | "fraud_report" | "doc_generated" | "vote_cast" | "job_click" | "course_view" | "admin_delete" | "admin_include"'.
components/DashboardView.tsx(153,27): error TS2345: Argument of type '"admin_delete_all_posts"' is not assignable to parameter of type '"post_created" | "comment_created" | "ai_query" | "view_changed" | "fraud_report" | "doc_generated" | "vote_cast" | "job_click" | "course_view" | "admin_delete" | "admin_include"'.
components/DashboardView.tsx(162,27): error TS2345: Argument of type '"admin_delete_all_comments"' is not assignable to parameter of type '"post_created" | "comment_created" | "ai_query" | "view_changed" | "fraud_report" | "doc_generated" | "vote_cast" | "job_click" | "course_view" | "admin_delete" | "admin_include"'.
components/DashboardView.tsx(170,27): error TS2345: Argument of type '"admin_delete_all_users"' is not assignable to parameter of type '"post_created" | "comment_created" | "ai_query" | "view_changed" | "fraud_report" | "doc_generated" | "vote_cast" | "job_click" | "course_view" | "admin_delete" | "admin_include"'.
components/DocumentAssistant.tsx(25,24): error TS2304: Cannot find name 'ViewType'.
components/DocumentAssistant.tsx(160,85): error TS2339: Property 'LEGAL' does not exist on type '{ IMMIGRATION: "Documentos & Regulariza├º├úo"; WORK: "Emprego & Oportunidades"; FINANCE: "Finan├ºas & Apoios"; HOUSING: "Habita├º├úo & Vida Local"; HEALTH: "Sa├║de & Bem-Estar"; EDUCATION: "Educa├º├úo & Forma├º├úo"; COMMUNITY: "Comunidade & Solidariedade"; RIGHTS: "Direitos & Seguran├ºa"; TECH: "Tecnologia & ├ëtica Digital"; ST...'.
components/DocumentAssistant.tsx(309,30): error TS2551: Property 'TEC' does not exist on type '{ IMMIGRATION: "Documentos & Regulariza├º├úo"; WORK: "Emprego & Oportunidades"; FINANCE: "Finan├ºas & Apoios"; HOUSING: "Habita├º├úo & Vida Local"; HEALTH: "Sa├║de & Bem-Estar"; EDUCATION: "Educa├º├úo & Forma├º├úo"; COMMUNITY: "Comunidade & Solidariedade"; RIGHTS: "Direitos & Seguran├ºa"; TECH: "Tecnologia & ├ëtica Digital"; ST...'. Did you mean 'TECH'?
components/DocumentAssistant.tsx(540,127): error TS2304: Cannot find name 'Bot'.
components/DocumentAssistant.tsx(547,57): error TS2304: Cannot find name 'ViewType'.
lib/supabase.ts(3,33): error TS2339: Property 'env' does not exist on type 'ImportMeta'.
lib/supabase.ts(4,37): error TS2339: Property 'env' does not exist on type 'ImportMeta'.
